Testing backend imports...
.\venv\Scripts\python.exe 
: Traceback (most recent 
call last):
At line:1 char:1
+ 
.\venv\Scripts\python.exe 
quick_test.py 2>&1 | 
Tee-Object test_output ...
+ ~~~~~~~~~~~~~~~~~~~~~~~~
~~~~~~~~~~~~~~~~~~~~
    + CategoryInfo        
      : NotSpecified: (T  
  raceback (most recent   
  call last)::String)     
[], RemoteException
    + FullyQualifiedError 
   Id : NativeCommandErr  
  or
 
  File "C:\Users\kabil\One
Drive\Desktop\Gaming_indus
try\backend\quick_test.py"
, line 6, in <module>
    print("\u2713 App 
modules imported")
  File "C:\Users\kabil\App
Data\Local\Programs\Python
\Python312\Lib\encodings\c
p1252.py", line 19, in 
encode
    return codecs.charmap_
encode(input,self.errors,e
ncoding_table)[0]
           ^^^^^^^^^^^^^^^
^^^^^^^^^^^^^^^^^^^^^^^^^^
^^^^^^^^^^^^^^
UnicodeEncodeError: 
'charmap' codec can't 
encode character '\u2713' 
in position 0: character 
maps to <undefined>

During handling of the 
above exception, another 
exception occurred:

Traceback (most recent 
call last):
  File "C:\Users\kabil\One
Drive\Desktop\Gaming_indus
try\backend\quick_test.py"
, line 22, in <module>
    print(f"\u2717 Error: 
{e}")
  File "C:\Users\kabil\App
Data\Local\Programs\Python
\Python312\Lib\encodings\c
p1252.py", line 19, in 
encode
    return codecs.charmap_
encode(input,self.errors,e
ncoding_table)[0]
           ^^^^^^^^^^^^^^^
^^^^^^^^^^^^^^^^^^^^^^^^^^
^^^^^^^^^^^^^^
UnicodeEncodeError: 
'charmap' codec can't 
encode character '\u2717' 
in position 0: character 
maps to <undefined>
